.next/types/validator.ts(42,39): error TS2307: Cannot find module '../../app/page.js' or its corresponding type declarations.
app/middlewares/workspace.ts(9,13): error TS2345: Argument of type '({ context, next, errors }: MiddlewareOptions<{ workspace?: KindeOrganization<unknown> | undefined; } & Record<never, never>, any, ORPCErrorConstructorMap<MergedErrorMap<Record<never, never>, { RATE_LIMITED: { message: string; }; ... 5 more ...; UNPROCESSABLE_ENTITY: { ...; }; }>>, Record<...>>) => Promise<...>' is not assignable to parameter of type 'Middleware<{ workspace?: KindeOrganization<unknown> | undefined; } & Record<never, never>, IntersectPick<{ workspace?: KindeOrganization<unknown> | undefined; }, { ...; }>, unknown, any, ORPCErrorConstructorMap<...>, Record<...>>'.
  Type 'Promise<{ output: any; context: { workspace: KindeOrganization<unknown> | { code: string; name?: string | undefined; }; }; }>' is not assignable to type 'Promisable<MiddlewareResult<IntersectPick<{ workspace?: KindeOrganization<unknown> | undefined; }, { workspace: KindeOrganization<unknown> | { code: string; name?: string | undefined; }; }>, any>>'.
    Type 'Promise<{ output: any; context: { workspace: KindeOrganization<unknown> | { code: string; name?: string | undefined; }; }; }>' is not assignable to type 'PromiseLike<MiddlewareResult<IntersectPick<{ workspace?: KindeOrganization<unknown> | undefined; }, { workspace: KindeOrganization<unknown> | { code: string; name?: string | undefined; }; }>, any>>'.
      Types of property 'then' are incompatible.
        Type '<TResult1 = { output: any; context: { workspace: KindeOrganization<unknown> | { code: string; name?: string | undefined; }; }; }, TResult2 = never>(onfulfilled?: ((value: { output: any; context: { workspace: KindeOrganization<unknown> | { ...; }; }; }) => TResult1 | PromiseLike<...>) | null | undefined, onrejected?:...' is not assignable to type '<TResult1 = MiddlewareResult<IntersectPick<{ workspace?: KindeOrganization<unknown> | undefined; }, { workspace: KindeOrganization<unknown> | { code: string; name?: string | undefined; }; }>, any>, TResult2 = never>(onfulfilled?: ((value: MiddlewareResult<...>) => TResult1 | PromiseLike<...>) | ... 1 more ... | unde...'.
          Types of parameters 'onfulfilled' and 'onfulfilled' are incompatible.
            Types of parameters 'value' and 'value' are incompatible.
              Type '{ output: any; context: { workspace: KindeOrganization<unknown> | { code: string; name?: string | undefined; }; }; }' is not assignable to type 'MiddlewareResult<IntersectPick<{ workspace?: KindeOrganization<unknown> | undefined; }, { workspace: KindeOrganization<unknown> | { code: string; name?: string | undefined; }; }>, any>'.
                Type '{ output: any; context: { workspace: KindeOrganization<unknown> | { code: string; name?: string | undefined; }; }; }' is not assignable to type '{ output: any; context: IntersectPick<{ workspace?: KindeOrganization<unknown> | undefined; }, { workspace: KindeOrganization<unknown> | { code: string; name?: string | undefined; }; }>; }'.
                  The types of 'context.workspace' are incompatible between these types.
                    Type 'KindeOrganization<unknown> | { code: string; name?: string | undefined; }' is not assignable to type 'KindeOrganization<unknown> | undefined'.
                      Property 'orgCode' is missing in type '{ code: string; name?: string | undefined; }' but required in type 'KindeOrganization<unknown>'.
app/router/workspace.ts(49,35): error TS2339: Property 'workspace' does not exist on type 'MergedCurrentContext<MergedCurrentContext<{ request: Request; }, { user: KindeUser<Record<string, unknown>> | KindeUser<Record<string, any>>; }>, IntersectPick<...>>'.
app/rpc/[[...rest]]/route.ts(17,5): error TS2322: Type '{}' is not assignable to type 'MergedInitialContext<MergedInitialContext<{ request: Request; } & Record<never, never>, { session?: { user?: KindeUser<Record<string, unknown>> | undefined; } | undefined; } & Record<never, never>, { ...; }>, { ...; } & Record<...>, MergedCurrentContext<...>>'.
  Property 'request' is missing in type '{}' but required in type '{ request: Request; }'.
components/ui/animated-group.tsx(119,25): error TS2345: Argument of type 'string | number | symbol' is not assignable to parameter of type 'string | ComponentType<unknown>'.
  Type 'number' is not assignable to type 'string | ComponentType<unknown>'.
components/ui/animated-group.tsx(119,37): error TS2503: Cannot find namespace 'JSX'.
components/ui/animated-group.tsx(123,25): error TS2345: Argument of type 'string | number | symbol' is not assignable to parameter of type 'string | ComponentType<unknown>'.
  Type 'number' is not assignable to type 'string | ComponentType<unknown>'.
components/ui/animated-group.tsx(123,42): error TS2503: Cannot find namespace 'JSX'.
components/ui/animated-group.tsx(132,7): error TS2769: No overload matches this call.
  Overload 1 of 2, '(props: Omit<MotionComponentProps<unknown>, "children"> & { children?: ReactNode | MotionValueNumber | MotionValueString; }, context?: any): string | ... 8 more ... | undefined', gave the following error.
    Type '{ children: Element[] | null | undefined; initial: string; animate: string; variants: Variants | { hidden: { [x: `--${string}`]: ValueKeyframesDefinition; ... 702 more ...; transitionEnd?: ResolvedValues | undefined; } | { ...; }; visible: { ...; } | { ...; }; }; className: string | undefined; }' is not assignable to type 'IntrinsicAttributes & Omit<MotionComponentProps<unknown>, "children"> & { children?: ReactNode | MotionValueNumber | MotionValueString; }'.
      Property 'className' does not exist on type 'IntrinsicAttributes & Omit<MotionComponentProps<unknown>, "children"> & { children?: ReactNode | MotionValueNumber | MotionValueString; }'.
  Overload 2 of 2, '(props: Omit<MotionComponentProps<unknown>, "children"> & { children?: ReactNode | MotionValueNumber | MotionValueString; }): string | ... 8 more ... | undefined', gave the following error.
    Type '{ children: Element[] | null | undefined; initial: string; animate: string; variants: Variants | { hidden: { [x: `--${string}`]: ValueKeyframesDefinition; ... 702 more ...; transitionEnd?: ResolvedValues | undefined; } | { ...; }; visible: { ...; } | { ...; }; }; className: string | undefined; }' is not assignable to type 'IntrinsicAttributes & Omit<MotionComponentProps<unknown>, "children"> & { children?: ReactNode | MotionValueNumber | MotionValueString; }'.
      Property 'className' does not exist on type 'IntrinsicAttributes & Omit<MotionComponentProps<unknown>, "children"> & { children?: ReactNode | MotionValueNumber | MotionValueString; }'.
lib/orpc.server.ts(14,3): error TS2322: Type '() => Promise<{ headers: any; }>' is not assignable to type 'Value<Promisable<{ request: Request; } & Record<never, never> & Omit<{ session?: { user?: KindeUser<Record<string, unknown>> | undefined; } | undefined; } & Record<never, never>, "request"> & Omit<...>>, [clientContext: ...]>'.
  Type '() => Promise<{ headers: any; }>' is not assignable to type '(clientContext: ClientContext) => Promisable<{ request: Request; } & Record<never, never> & Omit<{ session?: { user?: KindeUser<Record<string, unknown>> | undefined; } | undefined; } & Record<...>, "request"> & Omit<...>>'.
    Type 'Promise<{ headers: any; }>' is not assignable to type 'Promisable<{ request: Request; } & Record<never, never> & Omit<{ session?: { user?: KindeUser<Record<string, unknown>> | undefined; } | undefined; } & Record<never, never>, "request"> & Omit<...>>'.
      Type 'Promise<{ headers: any; }>' is not assignable to type 'PromiseLike<{ request: Request; } & Record<never, never> & Omit<{ session?: { user?: KindeUser<Record<string, unknown>> | undefined; } | undefined; } & Record<never, never>, "request"> & Omit<...>>'.
        Types of property 'then' are incompatible.
          Type '<TResult1 = { headers: any; }, TResult2 = never>(onfulfilled?: ((value: { headers: any; }) => TResult1 | PromiseLike<TResult1>) | null | undefined, onrejected?: ((reason: any) => TResult2 | PromiseLike<...>) | null | undefined) => Promise<...>' is not assignable to type '<TResult1 = { request: Request; } & Record<never, never> & Omit<{ session?: { user?: KindeUser<Record<string, unknown>> | undefined; } | undefined; } & Record<never, never>, "request"> & Omit<...>, TResult2 = never>(onfulfilled?: ((value: { ...; } & ... 2 more ... & Omit<...>) => TResult1 | PromiseLike<...>) | ... 1...'.
            Types of parameters 'onfulfilled' and 'onfulfilled' are incompatible.
              Types of parameters 'value' and 'value' are incompatible.
                Type '{ headers: any; }' is not assignable to type '{ request: Request; } & Record<never, never> & Omit<{ session?: { user?: KindeUser<Record<string, unknown>> | undefined; } | undefined; } & Record<never, never>, "request"> & Omit<...>'.
                  Property 'request' is missing in type '{ headers: any; }' but required in type '{ request: Request; }'.
lib/orpc.server.ts(15,20): error TS2552: Cannot find name 'headers'. Did you mean 'Headers'?
